// Jest Snapshot v1, https://goo.gl/fbAQLP

exports[`Row Snapshots tests should match snapshot 1`] = `
<div>
  <div
    class="row"
  >
    <div
      class="component width-undefined"
    >
      Example
    </div>
  </div>
</div>
`;
